--------------------------------------------------------------------------------
Release 14.7 Trace  (lin)
Copyright (c) 1995-2013 Xilinx, Inc.  All rights reserved.

/opt/Xilinx/14.7/ISE_DS/ISE/bin/lin/unwrapped/trce -intstyle ise -v 3 -s 4 -n 3
-fastpaths -xml Sumador.twx Sumador.ncd -o Sumador.twr Sumador.pcf

Design file:              Sumador.ncd
Physical constraint file: Sumador.pcf
Device,package,speed:     xc3s500e,fg320,-4 (PRODUCTION 1.27 2013-10-13)
Report level:             verbose report

Environment Variable      Effect 
--------------------      ------ 
NONE                      No environment variables were set
--------------------------------------------------------------------------------

INFO:Timing:2698 - No timing constraints found, doing default enumeration.
INFO:Timing:3412 - To improve timing, see the Timing Closure User Guide (UG612).
INFO:Timing:2752 - To get complete path coverage, use the unconstrained paths 
   option. All paths that are not constrained will be reported in the 
   unconstrained paths section(s) of the report.
INFO:Timing:3339 - The clock-to-out numbers in this timing report are based on 
   a 50 Ohm transmission line loading model.  For the details of this model, 
   and for more information on accounting for different loading conditions, 
   please see the device datasheet.
INFO:Timing:3390 - This architecture does not support a default System Jitter 
   value, please add SYSTEM_JITTER constraint to the UCF to modify the Clock 
   Uncertainty calculation.
INFO:Timing:3389 - This architecture does not support 'Discrete Jitter' and 
   'Phase Error' calculations, these terms will be zero in the Clock 
   Uncertainty calculation.  Please make appropriate modification to 
   SYSTEM_JITTER to account for the unsupported Discrete Jitter and Phase 
   Error.



Data Sheet report:
-----------------
All values displayed in nanoseconds (ns)

Pad to Pad
---------------+---------------+---------+
Source Pad     |Destination Pad|  Delay  |
---------------+---------------+---------+
Ope1<0>        |Result<0>      |   10.151|
Ope1<0>        |Result<1>      |   10.346|
Ope1<0>        |Result<2>      |   11.114|
Ope1<0>        |Result<3>      |   10.998|
Ope1<0>        |Result<4>      |   10.708|
Ope1<0>        |Result<5>      |   11.340|
Ope1<0>        |Result<6>      |   11.051|
Ope1<0>        |Result<7>      |   11.419|
Ope1<0>        |Result<8>      |   11.227|
Ope1<0>        |Result<9>      |   11.619|
Ope1<0>        |Result<10>     |   11.355|
Ope1<0>        |Result<11>     |   11.122|
Ope1<0>        |Result<12>     |   11.390|
Ope1<0>        |Result<13>     |   11.708|
Ope1<0>        |Result<14>     |   11.422|
Ope1<0>        |Result<15>     |   11.273|
Ope1<0>        |Result<16>     |   12.163|
Ope1<0>        |Result<17>     |   12.252|
Ope1<0>        |Result<18>     |   11.533|
Ope1<0>        |Result<19>     |   11.240|
Ope1<0>        |Result<20>     |   12.130|
Ope1<0>        |Result<21>     |   11.838|
Ope1<0>        |Result<22>     |   11.079|
Ope1<0>        |Result<23>     |   11.612|
Ope1<0>        |Result<24>     |   11.065|
Ope1<0>        |Result<25>     |   11.472|
Ope1<0>        |Result<26>     |   11.363|
Ope1<0>        |Result<27>     |   12.275|
Ope1<0>        |Result<28>     |   10.740|
Ope1<0>        |Result<29>     |   10.831|
Ope1<0>        |Result<30>     |   10.828|
Ope1<0>        |Result<31>     |   11.265|
Ope1<1>        |Result<1>      |   10.207|
Ope1<1>        |Result<2>      |   11.224|
Ope1<1>        |Result<3>      |   11.108|
Ope1<1>        |Result<4>      |   10.818|
Ope1<1>        |Result<5>      |   11.450|
Ope1<1>        |Result<6>      |   11.161|
Ope1<1>        |Result<7>      |   11.529|
Ope1<1>        |Result<8>      |   11.337|
Ope1<1>        |Result<9>      |   11.729|
Ope1<1>        |Result<10>     |   11.465|
Ope1<1>        |Result<11>     |   11.232|
Ope1<1>        |Result<12>     |   11.500|
Ope1<1>        |Result<13>     |   11.818|
Ope1<1>        |Result<14>     |   11.532|
Ope1<1>        |Result<15>     |   11.383|
Ope1<1>        |Result<16>     |   12.273|
Ope1<1>        |Result<17>     |   12.362|
Ope1<1>        |Result<18>     |   11.643|
Ope1<1>        |Result<19>     |   11.350|
Ope1<1>        |Result<20>     |   12.240|
Ope1<1>        |Result<21>     |   11.948|
Ope1<1>        |Result<22>     |   11.189|
Ope1<1>        |Result<23>     |   11.722|
Ope1<1>        |Result<24>     |   11.175|
Ope1<1>        |Result<25>     |   11.582|
Ope1<1>        |Result<26>     |   11.473|
Ope1<1>        |Result<27>     |   12.385|
Ope1<1>        |Result<28>     |   10.850|
Ope1<1>        |Result<29>     |   10.941|
Ope1<1>        |Result<30>     |   10.938|
Ope1<1>        |Result<31>     |   11.375|
Ope1<2>        |Result<2>      |   10.425|
Ope1<2>        |Result<3>      |   10.483|
Ope1<2>        |Result<4>      |   10.465|
Ope1<2>        |Result<5>      |   11.097|
Ope1<2>        |Result<6>      |   10.808|
Ope1<2>        |Result<7>      |   11.176|
Ope1<2>        |Result<8>      |   10.984|
Ope1<2>        |Result<9>      |   11.376|
Ope1<2>        |Result<10>     |   11.112|
Ope1<2>        |Result<11>     |   10.879|
Ope1<2>        |Result<12>     |   11.147|
Ope1<2>        |Result<13>     |   11.465|
Ope1<2>        |Result<14>     |   11.179|
Ope1<2>        |Result<15>     |   11.030|
Ope1<2>        |Result<16>     |   11.920|
Ope1<2>        |Result<17>     |   12.009|
Ope1<2>        |Result<18>     |   11.290|
Ope1<2>        |Result<19>     |   10.997|
Ope1<2>        |Result<20>     |   11.887|
Ope1<2>        |Result<21>     |   11.595|
Ope1<2>        |Result<22>     |   10.836|
Ope1<2>        |Result<23>     |   11.369|
Ope1<2>        |Result<24>     |   10.822|
Ope1<2>        |Result<25>     |   11.229|
Ope1<2>        |Result<26>     |   11.120|
Ope1<2>        |Result<27>     |   12.032|
Ope1<2>        |Result<28>     |   10.497|
Ope1<2>        |Result<29>     |   10.588|
Ope1<2>        |Result<30>     |   10.585|
Ope1<2>        |Result<31>     |   11.022|
Ope1<3>        |Result<3>      |   10.213|
Ope1<3>        |Result<4>      |   10.444|
Ope1<3>        |Result<5>      |   11.076|
Ope1<3>        |Result<6>      |   10.787|
Ope1<3>        |Result<7>      |   11.155|
Ope1<3>        |Result<8>      |   10.963|
Ope1<3>        |Result<9>      |   11.355|
Ope1<3>        |Result<10>     |   11.091|
Ope1<3>        |Result<11>     |   10.858|
Ope1<3>        |Result<12>     |   11.126|
Ope1<3>        |Result<13>     |   11.444|
Ope1<3>        |Result<14>     |   11.158|
Ope1<3>        |Result<15>     |   11.009|
Ope1<3>        |Result<16>     |   11.899|
Ope1<3>        |Result<17>     |   11.988|
Ope1<3>        |Result<18>     |   11.269|
Ope1<3>        |Result<19>     |   10.976|
Ope1<3>        |Result<20>     |   11.866|
Ope1<3>        |Result<21>     |   11.574|
Ope1<3>        |Result<22>     |   10.815|
Ope1<3>        |Result<23>     |   11.348|
Ope1<3>        |Result<24>     |   10.801|
Ope1<3>        |Result<25>     |   11.208|
Ope1<3>        |Result<26>     |   11.099|
Ope1<3>        |Result<27>     |   12.011|
Ope1<3>        |Result<28>     |   10.476|
Ope1<3>        |Result<29>     |   10.567|
Ope1<3>        |Result<30>     |   10.564|
Ope1<3>        |Result<31>     |   11.001|
Ope1<4>        |Result<4>      |   10.456|
Ope1<4>        |Result<5>      |   11.262|
Ope1<4>        |Result<6>      |   11.245|
Ope1<4>        |Result<7>      |   11.613|
Ope1<4>        |Result<8>      |   11.421|
Ope1<4>        |Result<9>      |   11.813|
Ope1<4>        |Result<10>     |   11.549|
Ope1<4>        |Result<11>     |   11.316|
Ope1<4>        |Result<12>     |   11.584|
Ope1<4>        |Result<13>     |   11.902|
Ope1<4>        |Result<14>     |   11.616|
Ope1<4>        |Result<15>     |   11.467|
Ope1<4>        |Result<16>     |   12.357|
Ope1<4>        |Result<17>     |   12.446|
Ope1<4>        |Result<18>     |   11.727|
Ope1<4>        |Result<19>     |   11.434|
Ope1<4>        |Result<20>     |   12.324|
Ope1<4>        |Result<21>     |   12.032|
Ope1<4>        |Result<22>     |   11.273|
Ope1<4>        |Result<23>     |   11.806|
Ope1<4>        |Result<24>     |   11.259|
Ope1<4>        |Result<25>     |   11.666|
Ope1<4>        |Result<26>     |   11.557|
Ope1<4>        |Result<27>     |   12.469|
Ope1<4>        |Result<28>     |   10.934|
Ope1<4>        |Result<29>     |   11.025|
Ope1<4>        |Result<30>     |   11.022|
Ope1<4>        |Result<31>     |   11.459|
Ope1<5>        |Result<5>      |   10.087|
Ope1<5>        |Result<6>      |   10.319|
Ope1<5>        |Result<7>      |   10.687|
Ope1<5>        |Result<8>      |   10.495|
Ope1<5>        |Result<9>      |   10.887|
Ope1<5>        |Result<10>     |   10.623|
Ope1<5>        |Result<11>     |   10.390|
Ope1<5>        |Result<12>     |   10.658|
Ope1<5>        |Result<13>     |   10.976|
Ope1<5>        |Result<14>     |   10.690|
Ope1<5>        |Result<15>     |   10.541|
Ope1<5>        |Result<16>     |   11.431|
Ope1<5>        |Result<17>     |   11.520|
Ope1<5>        |Result<18>     |   10.801|
Ope1<5>        |Result<19>     |   10.508|
Ope1<5>        |Result<20>     |   11.398|
Ope1<5>        |Result<21>     |   11.106|
Ope1<5>        |Result<22>     |   10.347|
Ope1<5>        |Result<23>     |   10.880|
Ope1<5>        |Result<24>     |   10.333|
Ope1<5>        |Result<25>     |   10.740|
Ope1<5>        |Result<26>     |   10.631|
Ope1<5>        |Result<27>     |   11.543|
Ope1<5>        |Result<28>     |   10.008|
Ope1<5>        |Result<29>     |   10.099|
Ope1<5>        |Result<30>     |   10.096|
Ope1<5>        |Result<31>     |   10.533|
Ope1<6>        |Result<6>      |    9.556|
Ope1<6>        |Result<7>      |   10.098|
Ope1<6>        |Result<8>      |   10.178|
Ope1<6>        |Result<9>      |   10.570|
Ope1<6>        |Result<10>     |   10.306|
Ope1<6>        |Result<11>     |   10.073|
Ope1<6>        |Result<12>     |   10.341|
Ope1<6>        |Result<13>     |   10.659|
Ope1<6>        |Result<14>     |   10.373|
Ope1<6>        |Result<15>     |   10.224|
Ope1<6>        |Result<16>     |   11.114|
Ope1<6>        |Result<17>     |   11.203|
Ope1<6>        |Result<18>     |   10.484|
Ope1<6>        |Result<19>     |   10.191|
Ope1<6>        |Result<20>     |   11.081|
Ope1<6>        |Result<21>     |   10.789|
Ope1<6>        |Result<22>     |   10.030|
Ope1<6>        |Result<23>     |   10.563|
Ope1<6>        |Result<24>     |   10.016|
Ope1<6>        |Result<25>     |   10.423|
Ope1<6>        |Result<26>     |   10.314|
Ope1<6>        |Result<27>     |   11.226|
Ope1<6>        |Result<28>     |    9.691|
Ope1<6>        |Result<29>     |    9.782|
Ope1<6>        |Result<30>     |    9.779|
Ope1<6>        |Result<31>     |   10.216|
Ope1<7>        |Result<7>      |    9.626|
Ope1<7>        |Result<8>      |    9.955|
Ope1<7>        |Result<9>      |   10.347|
Ope1<7>        |Result<10>     |   10.083|
Ope1<7>        |Result<11>     |    9.850|
Ope1<7>        |Result<12>     |   10.118|
Ope1<7>        |Result<13>     |   10.436|
Ope1<7>        |Result<14>     |   10.150|
Ope1<7>        |Result<15>     |   10.001|
Ope1<7>        |Result<16>     |   10.891|
Ope1<7>        |Result<17>     |   10.980|
Ope1<7>        |Result<18>     |   10.261|
Ope1<7>        |Result<19>     |    9.968|
Ope1<7>        |Result<20>     |   10.858|
Ope1<7>        |Result<21>     |   10.566|
Ope1<7>        |Result<22>     |    9.807|
Ope1<7>        |Result<23>     |   10.340|
Ope1<7>        |Result<24>     |    9.793|
Ope1<7>        |Result<25>     |   10.200|
Ope1<7>        |Result<26>     |   10.091|
Ope1<7>        |Result<27>     |   11.003|
Ope1<7>        |Result<28>     |    9.468|
Ope1<7>        |Result<29>     |    9.559|
Ope1<7>        |Result<30>     |    9.556|
Ope1<7>        |Result<31>     |    9.993|
Ope1<8>        |Result<8>      |    9.219|
Ope1<8>        |Result<9>      |    9.785|
Ope1<8>        |Result<10>     |    9.793|
Ope1<8>        |Result<11>     |    9.560|
Ope1<8>        |Result<12>     |    9.828|
Ope1<8>        |Result<13>     |   10.146|
Ope1<8>        |Result<14>     |    9.860|
Ope1<8>        |Result<15>     |    9.711|
Ope1<8>        |Result<16>     |   10.601|
Ope1<8>        |Result<17>     |   10.690|
Ope1<8>        |Result<18>     |    9.971|
Ope1<8>        |Result<19>     |    9.678|
Ope1<8>        |Result<20>     |   10.568|
Ope1<8>        |Result<21>     |   10.276|
Ope1<8>        |Result<22>     |    9.517|
Ope1<8>        |Result<23>     |   10.050|
Ope1<8>        |Result<24>     |    9.503|
Ope1<8>        |Result<25>     |    9.910|
Ope1<8>        |Result<26>     |    9.801|
Ope1<8>        |Result<27>     |   10.713|
Ope1<8>        |Result<28>     |    9.178|
Ope1<8>        |Result<29>     |    9.269|
Ope1<8>        |Result<30>     |    9.266|
Ope1<8>        |Result<31>     |    9.703|
Ope1<9>        |Result<9>      |    9.878|
Ope1<9>        |Result<10>     |   10.135|
Ope1<9>        |Result<11>     |    9.902|
Ope1<9>        |Result<12>     |   10.170|
Ope1<9>        |Result<13>     |   10.488|
Ope1<9>        |Result<14>     |   10.202|
Ope1<9>        |Result<15>     |   10.053|
Ope1<9>        |Result<16>     |   10.943|
Ope1<9>        |Result<17>     |   11.032|
Ope1<9>        |Result<18>     |   10.313|
Ope1<9>        |Result<19>     |   10.020|
Ope1<9>        |Result<20>     |   10.910|
Ope1<9>        |Result<21>     |   10.618|
Ope1<9>        |Result<22>     |    9.859|
Ope1<9>        |Result<23>     |   10.392|
Ope1<9>        |Result<24>     |    9.845|
Ope1<9>        |Result<25>     |   10.252|
Ope1<9>        |Result<26>     |   10.143|
Ope1<9>        |Result<27>     |   11.055|
Ope1<9>        |Result<28>     |    9.520|
Ope1<9>        |Result<29>     |    9.611|
Ope1<9>        |Result<30>     |    9.608|
Ope1<9>        |Result<31>     |   10.045|
Ope1<10>       |Result<10>     |    9.226|
Ope1<10>       |Result<11>     |    9.167|
Ope1<10>       |Result<12>     |    9.707|
Ope1<10>       |Result<13>     |   10.025|
Ope1<10>       |Result<14>     |    9.739|
Ope1<10>       |Result<15>     |    9.590|
Ope1<10>       |Result<16>     |   10.480|
Ope1<10>       |Result<17>     |   10.569|
Ope1<10>       |Result<18>     |    9.850|
Ope1<10>       |Result<19>     |    9.557|
Ope1<10>       |Result<20>     |   10.447|
Ope1<10>       |Result<21>     |   10.155|
Ope1<10>       |Result<22>     |    9.396|
Ope1<10>       |Result<23>     |    9.929|
Ope1<10>       |Result<24>     |    9.382|
Ope1<10>       |Result<25>     |    9.789|
Ope1<10>       |Result<26>     |    9.680|
Ope1<10>       |Result<27>     |   10.592|
Ope1<10>       |Result<28>     |    9.057|
Ope1<10>       |Result<29>     |    9.148|
Ope1<10>       |Result<30>     |    9.145|
Ope1<10>       |Result<31>     |    9.582|
Ope1<11>       |Result<11>     |    9.039|
Ope1<11>       |Result<12>     |    9.828|
Ope1<11>       |Result<13>     |   10.146|
Ope1<11>       |Result<14>     |    9.860|
Ope1<11>       |Result<15>     |    9.711|
Ope1<11>       |Result<16>     |   10.601|
Ope1<11>       |Result<17>     |   10.690|
Ope1<11>       |Result<18>     |    9.971|
Ope1<11>       |Result<19>     |    9.678|
Ope1<11>       |Result<20>     |   10.568|
Ope1<11>       |Result<21>     |   10.276|
Ope1<11>       |Result<22>     |    9.517|
Ope1<11>       |Result<23>     |   10.050|
Ope1<11>       |Result<24>     |    9.503|
Ope1<11>       |Result<25>     |    9.910|
Ope1<11>       |Result<26>     |    9.801|
Ope1<11>       |Result<27>     |   10.713|
Ope1<11>       |Result<28>     |    9.178|
Ope1<11>       |Result<29>     |    9.269|
Ope1<11>       |Result<30>     |    9.266|
Ope1<11>       |Result<31>     |    9.703|
Ope1<12>       |Result<12>     |    8.583|
Ope1<12>       |Result<13>     |    9.075|
Ope1<12>       |Result<14>     |    9.061|
Ope1<12>       |Result<15>     |    8.912|
Ope1<12>       |Result<16>     |    9.802|
Ope1<12>       |Result<17>     |    9.891|
Ope1<12>       |Result<18>     |    9.172|
Ope1<12>       |Result<19>     |    8.879|
Ope1<12>       |Result<20>     |    9.769|
Ope1<12>       |Result<21>     |    9.477|
Ope1<12>       |Result<22>     |    8.718|
Ope1<12>       |Result<23>     |    9.251|
Ope1<12>       |Result<24>     |    8.704|
Ope1<12>       |Result<25>     |    9.111|
Ope1<12>       |Result<26>     |    9.002|
Ope1<12>       |Result<27>     |    9.914|
Ope1<12>       |Result<28>     |    8.379|
Ope1<12>       |Result<29>     |    8.470|
Ope1<12>       |Result<30>     |    8.467|
Ope1<12>       |Result<31>     |    8.904|
Ope1<13>       |Result<13>     |    8.584|
Ope1<13>       |Result<14>     |    8.819|
Ope1<13>       |Result<15>     |    8.670|
Ope1<13>       |Result<16>     |    9.560|
Ope1<13>       |Result<17>     |    9.649|
Ope1<13>       |Result<18>     |    8.930|
Ope1<13>       |Result<19>     |    8.637|
Ope1<13>       |Result<20>     |    9.527|
Ope1<13>       |Result<21>     |    9.235|
Ope1<13>       |Result<22>     |    8.476|
Ope1<13>       |Result<23>     |    9.009|
Ope1<13>       |Result<24>     |    8.462|
Ope1<13>       |Result<25>     |    8.869|
Ope1<13>       |Result<26>     |    8.760|
Ope1<13>       |Result<27>     |    9.672|
Ope1<13>       |Result<28>     |    8.137|
Ope1<13>       |Result<29>     |    8.228|
Ope1<13>       |Result<30>     |    8.225|
Ope1<13>       |Result<31>     |    8.662|
Ope1<14>       |Result<14>     |    8.806|
Ope1<14>       |Result<15>     |    8.831|
Ope1<14>       |Result<16>     |    9.993|
Ope1<14>       |Result<17>     |   10.082|
Ope1<14>       |Result<18>     |    9.363|
Ope1<14>       |Result<19>     |    9.070|
Ope1<14>       |Result<20>     |    9.960|
Ope1<14>       |Result<21>     |    9.668|
Ope1<14>       |Result<22>     |    8.909|
Ope1<14>       |Result<23>     |    9.442|
Ope1<14>       |Result<24>     |    8.895|
Ope1<14>       |Result<25>     |    9.302|
Ope1<14>       |Result<26>     |    9.193|
Ope1<14>       |Result<27>     |   10.105|
Ope1<14>       |Result<28>     |    8.570|
Ope1<14>       |Result<29>     |    8.661|
Ope1<14>       |Result<30>     |    8.658|
Ope1<14>       |Result<31>     |    9.095|
Ope1<15>       |Result<15>     |    8.501|
Ope1<15>       |Result<16>     |    9.912|
Ope1<15>       |Result<17>     |   10.001|
Ope1<15>       |Result<18>     |    9.282|
Ope1<15>       |Result<19>     |    8.989|
Ope1<15>       |Result<20>     |    9.879|
Ope1<15>       |Result<21>     |    9.587|
Ope1<15>       |Result<22>     |    8.828|
Ope1<15>       |Result<23>     |    9.361|
Ope1<15>       |Result<24>     |    8.814|
Ope1<15>       |Result<25>     |    9.221|
Ope1<15>       |Result<26>     |    9.112|
Ope1<15>       |Result<27>     |   10.024|
Ope1<15>       |Result<28>     |    8.489|
Ope1<15>       |Result<29>     |    8.580|
Ope1<15>       |Result<30>     |    8.577|
Ope1<15>       |Result<31>     |    9.014|
Ope1<16>       |Result<16>     |    9.727|
Ope1<16>       |Result<17>     |    9.990|
Ope1<16>       |Result<18>     |    9.543|
Ope1<16>       |Result<19>     |    9.250|
Ope1<16>       |Result<20>     |   10.140|
Ope1<16>       |Result<21>     |    9.848|
Ope1<16>       |Result<22>     |    9.089|
Ope1<16>       |Result<23>     |    9.622|
Ope1<16>       |Result<24>     |    9.075|
Ope1<16>       |Result<25>     |    9.482|
Ope1<16>       |Result<26>     |    9.373|
Ope1<16>       |Result<27>     |   10.285|
Ope1<16>       |Result<28>     |    8.750|
Ope1<16>       |Result<29>     |    8.841|
Ope1<16>       |Result<30>     |    8.838|
Ope1<16>       |Result<31>     |    9.275|
Ope1<17>       |Result<17>     |    9.795|
Ope1<17>       |Result<18>     |    9.597|
Ope1<17>       |Result<19>     |    9.304|
Ope1<17>       |Result<20>     |   10.194|
Ope1<17>       |Result<21>     |    9.902|
Ope1<17>       |Result<22>     |    9.143|
Ope1<17>       |Result<23>     |    9.676|
Ope1<17>       |Result<24>     |    9.129|
Ope1<17>       |Result<25>     |    9.536|
Ope1<17>       |Result<26>     |    9.427|
Ope1<17>       |Result<27>     |   10.339|
Ope1<17>       |Result<28>     |    8.804|
Ope1<17>       |Result<29>     |    8.895|
Ope1<17>       |Result<30>     |    8.892|
Ope1<17>       |Result<31>     |    9.329|
Ope1<18>       |Result<18>     |    9.162|
Ope1<18>       |Result<19>     |    9.043|
Ope1<18>       |Result<20>     |   10.205|
Ope1<18>       |Result<21>     |    9.913|
Ope1<18>       |Result<22>     |    9.154|
Ope1<18>       |Result<23>     |    9.687|
Ope1<18>       |Result<24>     |    9.140|
Ope1<18>       |Result<25>     |    9.547|
Ope1<18>       |Result<26>     |    9.438|
Ope1<18>       |Result<27>     |   10.350|
Ope1<18>       |Result<28>     |    8.815|
Ope1<18>       |Result<29>     |    8.906|
Ope1<18>       |Result<30>     |    8.903|
Ope1<18>       |Result<31>     |    9.340|
Ope1<19>       |Result<19>     |    8.719|
Ope1<19>       |Result<20>     |   10.130|
Ope1<19>       |Result<21>     |    9.838|
Ope1<19>       |Result<22>     |    9.079|
Ope1<19>       |Result<23>     |    9.612|
Ope1<19>       |Result<24>     |    9.065|
Ope1<19>       |Result<25>     |    9.472|
Ope1<19>       |Result<26>     |    9.363|
Ope1<19>       |Result<27>     |   10.275|
Ope1<19>       |Result<28>     |    8.740|
Ope1<19>       |Result<29>     |    8.831|
Ope1<19>       |Result<30>     |    8.828|
Ope1<19>       |Result<31>     |    9.265|
Ope1<20>       |Result<20>     |    9.398|
Ope1<20>       |Result<21>     |    9.280|
Ope1<20>       |Result<22>     |    8.793|
Ope1<20>       |Result<23>     |    9.326|
Ope1<20>       |Result<24>     |    8.779|
Ope1<20>       |Result<25>     |    9.186|
Ope1<20>       |Result<26>     |    9.077|
Ope1<20>       |Result<27>     |    9.989|
Ope1<20>       |Result<28>     |    8.454|
Ope1<20>       |Result<29>     |    8.545|
Ope1<20>       |Result<30>     |    8.542|
Ope1<20>       |Result<31>     |    8.979|
Ope1<21>       |Result<21>     |    8.866|
Ope1<21>       |Result<22>     |    8.628|
Ope1<21>       |Result<23>     |    9.161|
Ope1<21>       |Result<24>     |    8.614|
Ope1<21>       |Result<25>     |    9.021|
Ope1<21>       |Result<26>     |    8.912|
Ope1<21>       |Result<27>     |    9.824|
Ope1<21>       |Result<28>     |    8.289|
Ope1<21>       |Result<29>     |    8.380|
Ope1<21>       |Result<30>     |    8.377|
Ope1<21>       |Result<31>     |    8.814|
Ope1<22>       |Result<22>     |    8.676|
Ope1<22>       |Result<23>     |    9.383|
Ope1<22>       |Result<24>     |    9.108|
Ope1<22>       |Result<25>     |    9.515|
Ope1<22>       |Result<26>     |    9.406|
Ope1<22>       |Result<27>     |   10.318|
Ope1<22>       |Result<28>     |    8.783|
Ope1<22>       |Result<29>     |    8.874|
Ope1<22>       |Result<30>     |    8.871|
Ope1<22>       |Result<31>     |    9.308|
Ope1<23>       |Result<23>     |    8.872|
Ope1<23>       |Result<24>     |    8.846|
Ope1<23>       |Result<25>     |    9.253|
Ope1<23>       |Result<26>     |    9.144|
Ope1<23>       |Result<27>     |   10.056|
Ope1<23>       |Result<28>     |    8.521|
Ope1<23>       |Result<29>     |    8.612|
Ope1<23>       |Result<30>     |    8.609|
Ope1<23>       |Result<31>     |    9.046|
Ope1<24>       |Result<24>     |    8.162|
Ope1<24>       |Result<25>     |    8.743|
Ope1<24>       |Result<26>     |    8.906|
Ope1<24>       |Result<27>     |    9.818|
Ope1<24>       |Result<28>     |    8.283|
Ope1<24>       |Result<29>     |    8.374|
Ope1<24>       |Result<30>     |    8.371|
Ope1<24>       |Result<31>     |    8.808|
Ope1<25>       |Result<25>     |    8.249|
Ope1<25>       |Result<26>     |    8.661|
Ope1<25>       |Result<27>     |    9.573|
Ope1<25>       |Result<28>     |    8.038|
Ope1<25>       |Result<29>     |    8.129|
Ope1<25>       |Result<30>     |    8.126|
Ope1<25>       |Result<31>     |    8.563|
Ope1<26>       |Result<26>     |    8.423|
Ope1<26>       |Result<27>     |    9.509|
Ope1<26>       |Result<28>     |    8.246|
Ope1<26>       |Result<29>     |    8.337|
Ope1<26>       |Result<30>     |    8.334|
Ope1<26>       |Result<31>     |    8.771|
Ope1<27>       |Result<27>     |    9.091|
Ope1<27>       |Result<28>     |    8.077|
Ope1<27>       |Result<29>     |    8.168|
Ope1<27>       |Result<30>     |    8.165|
Ope1<27>       |Result<31>     |    8.602|
Ope1<28>       |Result<28>     |    7.822|
Ope1<28>       |Result<29>     |    8.087|
Ope1<28>       |Result<30>     |    8.356|
Ope1<28>       |Result<31>     |    8.793|
Ope1<29>       |Result<29>     |    6.947|
Ope1<29>       |Result<30>     |    7.465|
Ope1<29>       |Result<31>     |    7.902|
Ope1<30>       |Result<30>     |    7.793|
Ope1<30>       |Result<31>     |    8.404|
Ope1<31>       |Result<31>     |    7.105|
Ope2<0>        |Result<0>      |    9.188|
Ope2<0>        |Result<1>      |    9.383|
Ope2<0>        |Result<2>      |   10.151|
Ope2<0>        |Result<3>      |   10.035|
Ope2<0>        |Result<4>      |    9.745|
Ope2<0>        |Result<5>      |   10.377|
Ope2<0>        |Result<6>      |   10.088|
Ope2<0>        |Result<7>      |   10.456|
Ope2<0>        |Result<8>      |   10.264|
Ope2<0>        |Result<9>      |   10.656|
Ope2<0>        |Result<10>     |   10.392|
Ope2<0>        |Result<11>     |   10.159|
Ope2<0>        |Result<12>     |   10.427|
Ope2<0>        |Result<13>     |   10.745|
Ope2<0>        |Result<14>     |   10.459|
Ope2<0>        |Result<15>     |   10.310|
Ope2<0>        |Result<16>     |   11.200|
Ope2<0>        |Result<17>     |   11.289|
Ope2<0>        |Result<18>     |   10.570|
Ope2<0>        |Result<19>     |   10.277|
Ope2<0>        |Result<20>     |   11.167|
Ope2<0>        |Result<21>     |   10.875|
Ope2<0>        |Result<22>     |   10.116|
Ope2<0>        |Result<23>     |   10.649|
Ope2<0>        |Result<24>     |   10.102|
Ope2<0>        |Result<25>     |   10.509|
Ope2<0>        |Result<26>     |   10.400|
Ope2<0>        |Result<27>     |   11.312|
Ope2<0>        |Result<28>     |    9.777|
Ope2<0>        |Result<29>     |    9.868|
Ope2<0>        |Result<30>     |    9.865|
Ope2<0>        |Result<31>     |   10.302|
Ope2<1>        |Result<1>      |    8.612|
Ope2<1>        |Result<2>      |    9.629|
Ope2<1>        |Result<3>      |    9.513|
Ope2<1>        |Result<4>      |    9.223|
Ope2<1>        |Result<5>      |    9.855|
Ope2<1>        |Result<6>      |    9.566|
Ope2<1>        |Result<7>      |    9.934|
Ope2<1>        |Result<8>      |    9.742|
Ope2<1>        |Result<9>      |   10.134|
Ope2<1>        |Result<10>     |    9.870|
Ope2<1>        |Result<11>     |    9.637|
Ope2<1>        |Result<12>     |    9.905|
Ope2<1>        |Result<13>     |   10.223|
Ope2<1>        |Result<14>     |    9.937|
Ope2<1>        |Result<15>     |    9.788|
Ope2<1>        |Result<16>     |   10.678|
Ope2<1>        |Result<17>     |   10.767|
Ope2<1>        |Result<18>     |   10.048|
Ope2<1>        |Result<19>     |    9.755|
Ope2<1>        |Result<20>     |   10.645|
Ope2<1>        |Result<21>     |   10.353|
Ope2<1>        |Result<22>     |    9.594|
Ope2<1>        |Result<23>     |   10.127|
Ope2<1>        |Result<24>     |    9.580|
Ope2<1>        |Result<25>     |    9.987|
Ope2<1>        |Result<26>     |    9.878|
Ope2<1>        |Result<27>     |   10.790|
Ope2<1>        |Result<28>     |    9.255|
Ope2<1>        |Result<29>     |    9.346|
Ope2<1>        |Result<30>     |    9.343|
Ope2<1>        |Result<31>     |    9.780|
Ope2<2>        |Result<2>      |    9.144|
Ope2<2>        |Result<3>      |    9.202|
Ope2<2>        |Result<4>      |    9.184|
Ope2<2>        |Result<5>      |    9.816|
Ope2<2>        |Result<6>      |    9.527|
Ope2<2>        |Result<7>      |    9.895|
Ope2<2>        |Result<8>      |    9.703|
Ope2<2>        |Result<9>      |   10.095|
Ope2<2>        |Result<10>     |    9.831|
Ope2<2>        |Result<11>     |    9.598|
Ope2<2>        |Result<12>     |    9.866|
Ope2<2>        |Result<13>     |   10.184|
Ope2<2>        |Result<14>     |    9.898|
Ope2<2>        |Result<15>     |    9.749|
Ope2<2>        |Result<16>     |   10.639|
Ope2<2>        |Result<17>     |   10.728|
Ope2<2>        |Result<18>     |   10.009|
Ope2<2>        |Result<19>     |    9.716|
Ope2<2>        |Result<20>     |   10.606|
Ope2<2>        |Result<21>     |   10.314|
Ope2<2>        |Result<22>     |    9.555|
Ope2<2>        |Result<23>     |   10.088|
Ope2<2>        |Result<24>     |    9.541|
Ope2<2>        |Result<25>     |    9.948|
Ope2<2>        |Result<26>     |    9.839|
Ope2<2>        |Result<27>     |   10.751|
Ope2<2>        |Result<28>     |    9.216|
Ope2<2>        |Result<29>     |    9.307|
Ope2<2>        |Result<30>     |    9.304|
Ope2<2>        |Result<31>     |    9.741|
Ope2<3>        |Result<3>      |    8.845|
Ope2<3>        |Result<4>      |    9.076|
Ope2<3>        |Result<5>      |    9.708|
Ope2<3>        |Result<6>      |    9.419|
Ope2<3>        |Result<7>      |    9.787|
Ope2<3>        |Result<8>      |    9.595|
Ope2<3>        |Result<9>      |    9.987|
Ope2<3>        |Result<10>     |    9.723|
Ope2<3>        |Result<11>     |    9.490|
Ope2<3>        |Result<12>     |    9.758|
Ope2<3>        |Result<13>     |   10.076|
Ope2<3>        |Result<14>     |    9.790|
Ope2<3>        |Result<15>     |    9.641|
Ope2<3>        |Result<16>     |   10.531|
Ope2<3>        |Result<17>     |   10.620|
Ope2<3>        |Result<18>     |    9.901|
Ope2<3>        |Result<19>     |    9.608|
Ope2<3>        |Result<20>     |   10.498|
Ope2<3>        |Result<21>     |   10.206|
Ope2<3>        |Result<22>     |    9.447|
Ope2<3>        |Result<23>     |    9.980|
Ope2<3>        |Result<24>     |    9.433|
Ope2<3>        |Result<25>     |    9.840|
Ope2<3>        |Result<26>     |    9.731|
Ope2<3>        |Result<27>     |   10.643|
Ope2<3>        |Result<28>     |    9.108|
Ope2<3>        |Result<29>     |    9.199|
Ope2<3>        |Result<30>     |    9.196|
Ope2<3>        |Result<31>     |    9.633|
Ope2<4>        |Result<4>      |    8.453|
Ope2<4>        |Result<5>      |    9.259|
Ope2<4>        |Result<6>      |    9.242|
Ope2<4>        |Result<7>      |    9.610|
Ope2<4>        |Result<8>      |    9.418|
Ope2<4>        |Result<9>      |    9.810|
Ope2<4>        |Result<10>     |    9.546|
Ope2<4>        |Result<11>     |    9.313|
Ope2<4>        |Result<12>     |    9.581|
Ope2<4>        |Result<13>     |    9.899|
Ope2<4>        |Result<14>     |    9.613|
Ope2<4>        |Result<15>     |    9.464|
Ope2<4>        |Result<16>     |   10.354|
Ope2<4>        |Result<17>     |   10.443|
Ope2<4>        |Result<18>     |    9.724|
Ope2<4>        |Result<19>     |    9.431|
Ope2<4>        |Result<20>     |   10.321|
Ope2<4>        |Result<21>     |   10.029|
Ope2<4>        |Result<22>     |    9.270|
Ope2<4>        |Result<23>     |    9.803|
Ope2<4>        |Result<24>     |    9.256|
Ope2<4>        |Result<25>     |    9.663|
Ope2<4>        |Result<26>     |    9.554|
Ope2<4>        |Result<27>     |   10.466|
Ope2<4>        |Result<28>     |    8.931|
Ope2<4>        |Result<29>     |    9.022|
Ope2<4>        |Result<30>     |    9.019|
Ope2<4>        |Result<31>     |    9.456|
Ope2<5>        |Result<5>      |    9.070|
Ope2<5>        |Result<6>      |    9.302|
Ope2<5>        |Result<7>      |    9.670|
Ope2<5>        |Result<8>      |    9.478|
Ope2<5>        |Result<9>      |    9.870|
Ope2<5>        |Result<10>     |    9.606|
Ope2<5>        |Result<11>     |    9.373|
Ope2<5>        |Result<12>     |    9.641|
Ope2<5>        |Result<13>     |    9.959|
Ope2<5>        |Result<14>     |    9.673|
Ope2<5>        |Result<15>     |    9.524|
Ope2<5>        |Result<16>     |   10.414|
Ope2<5>        |Result<17>     |   10.503|
Ope2<5>        |Result<18>     |    9.784|
Ope2<5>        |Result<19>     |    9.491|
Ope2<5>        |Result<20>     |   10.381|
Ope2<5>        |Result<21>     |   10.089|
Ope2<5>        |Result<22>     |    9.330|
Ope2<5>        |Result<23>     |    9.863|
Ope2<5>        |Result<24>     |    9.316|
Ope2<5>        |Result<25>     |    9.723|
Ope2<5>        |Result<26>     |    9.614|
Ope2<5>        |Result<27>     |   10.526|
Ope2<5>        |Result<28>     |    8.991|
Ope2<5>        |Result<29>     |    9.082|
Ope2<5>        |Result<30>     |    9.079|
Ope2<5>        |Result<31>     |    9.516|
Ope2<6>        |Result<6>      |    8.600|
Ope2<6>        |Result<7>      |    9.142|
Ope2<6>        |Result<8>      |    9.222|
Ope2<6>        |Result<9>      |    9.614|
Ope2<6>        |Result<10>     |    9.350|
Ope2<6>        |Result<11>     |    9.117|
Ope2<6>        |Result<12>     |    9.385|
Ope2<6>        |Result<13>     |    9.703|
Ope2<6>        |Result<14>     |    9.417|
Ope2<6>        |Result<15>     |    9.268|
Ope2<6>        |Result<16>     |   10.158|
Ope2<6>        |Result<17>     |   10.247|
Ope2<6>        |Result<18>     |    9.528|
Ope2<6>        |Result<19>     |    9.235|
Ope2<6>        |Result<20>     |   10.125|
Ope2<6>        |Result<21>     |    9.833|
Ope2<6>        |Result<22>     |    9.074|
Ope2<6>        |Result<23>     |    9.607|
Ope2<6>        |Result<24>     |    9.060|
Ope2<6>        |Result<25>     |    9.467|
Ope2<6>        |Result<26>     |    9.358|
Ope2<6>        |Result<27>     |   10.270|
Ope2<6>        |Result<28>     |    8.735|
Ope2<6>        |Result<29>     |    8.826|
Ope2<6>        |Result<30>     |    8.823|
Ope2<6>        |Result<31>     |    9.260|
Ope2<7>        |Result<7>      |    9.033|
Ope2<7>        |Result<8>      |    9.362|
Ope2<7>        |Result<9>      |    9.754|
Ope2<7>        |Result<10>     |    9.490|
Ope2<7>        |Result<11>     |    9.257|
Ope2<7>        |Result<12>     |    9.525|
Ope2<7>        |Result<13>     |    9.843|
Ope2<7>        |Result<14>     |    9.557|
Ope2<7>        |Result<15>     |    9.408|
Ope2<7>        |Result<16>     |   10.298|
Ope2<7>        |Result<17>     |   10.387|
Ope2<7>        |Result<18>     |    9.668|
Ope2<7>        |Result<19>     |    9.375|
Ope2<7>        |Result<20>     |   10.265|
Ope2<7>        |Result<21>     |    9.973|
Ope2<7>        |Result<22>     |    9.214|
Ope2<7>        |Result<23>     |    9.747|
Ope2<7>        |Result<24>     |    9.200|
Ope2<7>        |Result<25>     |    9.607|
Ope2<7>        |Result<26>     |    9.498|
Ope2<7>        |Result<27>     |   10.410|
Ope2<7>        |Result<28>     |    8.875|
Ope2<7>        |Result<29>     |    8.966|
Ope2<7>        |Result<30>     |    8.963|
Ope2<7>        |Result<31>     |    9.400|
Ope2<8>        |Result<8>      |    9.835|
Ope2<8>        |Result<9>      |   10.401|
Ope2<8>        |Result<10>     |   10.409|
Ope2<8>        |Result<11>     |   10.176|
Ope2<8>        |Result<12>     |   10.444|
Ope2<8>        |Result<13>     |   10.762|
Ope2<8>        |Result<14>     |   10.476|
Ope2<8>        |Result<15>     |   10.327|
Ope2<8>        |Result<16>     |   11.217|
Ope2<8>        |Result<17>     |   11.306|
Ope2<8>        |Result<18>     |   10.587|
Ope2<8>        |Result<19>     |   10.294|
Ope2<8>        |Result<20>     |   11.184|
Ope2<8>        |Result<21>     |   10.892|
Ope2<8>        |Result<22>     |   10.133|
Ope2<8>        |Result<23>     |   10.666|
Ope2<8>        |Result<24>     |   10.119|
Ope2<8>        |Result<25>     |   10.526|
Ope2<8>        |Result<26>     |   10.417|
Ope2<8>        |Result<27>     |   11.329|
Ope2<8>        |Result<28>     |    9.794|
Ope2<8>        |Result<29>     |    9.885|
Ope2<8>        |Result<30>     |    9.882|
Ope2<8>        |Result<31>     |   10.319|
Ope2<9>        |Result<9>      |    9.830|
Ope2<9>        |Result<10>     |   10.087|
Ope2<9>        |Result<11>     |    9.854|
Ope2<9>        |Result<12>     |   10.122|
Ope2<9>        |Result<13>     |   10.440|
Ope2<9>        |Result<14>     |   10.154|
Ope2<9>        |Result<15>     |   10.005|
Ope2<9>        |Result<16>     |   10.895|
Ope2<9>        |Result<17>     |   10.984|
Ope2<9>        |Result<18>     |   10.265|
Ope2<9>        |Result<19>     |    9.972|
Ope2<9>        |Result<20>     |   10.862|
Ope2<9>        |Result<21>     |   10.570|
Ope2<9>        |Result<22>     |    9.811|
Ope2<9>        |Result<23>     |   10.344|
Ope2<9>        |Result<24>     |    9.797|
Ope2<9>        |Result<25>     |   10.204|
Ope2<9>        |Result<26>     |   10.095|
Ope2<9>        |Result<27>     |   11.007|
Ope2<9>        |Result<28>     |    9.472|
Ope2<9>        |Result<29>     |    9.563|
Ope2<9>        |Result<30>     |    9.560|
Ope2<9>        |Result<31>     |    9.997|
Ope2<10>       |Result<10>     |    9.850|
Ope2<10>       |Result<11>     |    9.791|
Ope2<10>       |Result<12>     |   10.331|
Ope2<10>       |Result<13>     |   10.649|
Ope2<10>       |Result<14>     |   10.363|
Ope2<10>       |Result<15>     |   10.214|
Ope2<10>       |Result<16>     |   11.104|
Ope2<10>       |Result<17>     |   11.193|
Ope2<10>       |Result<18>     |   10.474|
Ope2<10>       |Result<19>     |   10.181|
Ope2<10>       |Result<20>     |   11.071|
Ope2<10>       |Result<21>     |   10.779|
Ope2<10>       |Result<22>     |   10.020|
Ope2<10>       |Result<23>     |   10.553|
Ope2<10>       |Result<24>     |   10.006|
Ope2<10>       |Result<25>     |   10.413|
Ope2<10>       |Result<26>     |   10.304|
Ope2<10>       |Result<27>     |   11.216|
Ope2<10>       |Result<28>     |    9.681|
Ope2<10>       |Result<29>     |    9.772|
Ope2<10>       |Result<30>     |    9.769|
Ope2<10>       |Result<31>     |   10.206|
Ope2<11>       |Result<11>     |    8.821|
Ope2<11>       |Result<12>     |    9.610|
Ope2<11>       |Result<13>     |    9.928|
Ope2<11>       |Result<14>     |    9.642|
Ope2<11>       |Result<15>     |    9.493|
Ope2<11>       |Result<16>     |   10.383|
Ope2<11>       |Result<17>     |   10.472|
Ope2<11>       |Result<18>     |    9.753|
Ope2<11>       |Result<19>     |    9.460|
Ope2<11>       |Result<20>     |   10.350|
Ope2<11>       |Result<21>     |   10.058|
Ope2<11>       |Result<22>     |    9.299|
Ope2<11>       |Result<23>     |    9.832|
Ope2<11>       |Result<24>     |    9.285|
Ope2<11>       |Result<25>     |    9.692|
Ope2<11>       |Result<26>     |    9.583|
Ope2<11>       |Result<27>     |   10.495|
Ope2<11>       |Result<28>     |    8.960|
Ope2<11>       |Result<29>     |    9.051|
Ope2<11>       |Result<30>     |    9.048|
Ope2<11>       |Result<31>     |    9.485|
Ope2<12>       |Result<12>     |    9.244|
Ope2<12>       |Result<13>     |    9.736|
Ope2<12>       |Result<14>     |    9.722|
Ope2<12>       |Result<15>     |    9.573|
Ope2<12>       |Result<16>     |   10.463|
Ope2<12>       |Result<17>     |   10.552|
Ope2<12>       |Result<18>     |    9.833|
Ope2<12>       |Result<19>     |    9.540|
Ope2<12>       |Result<20>     |   10.430|
Ope2<12>       |Result<21>     |   10.138|
Ope2<12>       |Result<22>     |    9.379|
Ope2<12>       |Result<23>     |    9.912|
Ope2<12>       |Result<24>     |    9.365|
Ope2<12>       |Result<25>     |    9.772|
Ope2<12>       |Result<26>     |    9.663|
Ope2<12>       |Result<27>     |   10.575|
Ope2<12>       |Result<28>     |    9.040|
Ope2<12>       |Result<29>     |    9.131|
Ope2<12>       |Result<30>     |    9.128|
Ope2<12>       |Result<31>     |    9.565|
Ope2<13>       |Result<13>     |   10.007|
Ope2<13>       |Result<14>     |   10.242|
Ope2<13>       |Result<15>     |   10.093|
Ope2<13>       |Result<16>     |   10.983|
Ope2<13>       |Result<17>     |   11.072|
Ope2<13>       |Result<18>     |   10.353|
Ope2<13>       |Result<19>     |   10.060|
Ope2<13>       |Result<20>     |   10.950|
Ope2<13>       |Result<21>     |   10.658|
Ope2<13>       |Result<22>     |    9.899|
Ope2<13>       |Result<23>     |   10.432|
Ope2<13>       |Result<24>     |    9.885|
Ope2<13>       |Result<25>     |   10.292|
Ope2<13>       |Result<26>     |   10.183|
Ope2<13>       |Result<27>     |   11.095|
Ope2<13>       |Result<28>     |    9.560|
Ope2<13>       |Result<29>     |    9.651|
Ope2<13>       |Result<30>     |    9.648|
Ope2<13>       |Result<31>     |   10.085|
Ope2<14>       |Result<14>     |    9.464|
Ope2<14>       |Result<15>     |    9.489|
Ope2<14>       |Result<16>     |   10.651|
Ope2<14>       |Result<17>     |   10.740|
Ope2<14>       |Result<18>     |   10.021|
Ope2<14>       |Result<19>     |    9.728|
Ope2<14>       |Result<20>     |   10.618|
Ope2<14>       |Result<21>     |   10.326|
Ope2<14>       |Result<22>     |    9.567|
Ope2<14>       |Result<23>     |   10.100|
Ope2<14>       |Result<24>     |    9.553|
Ope2<14>       |Result<25>     |    9.960|
Ope2<14>       |Result<26>     |    9.851|
Ope2<14>       |Result<27>     |   10.763|
Ope2<14>       |Result<28>     |    9.228|
Ope2<14>       |Result<29>     |    9.319|
Ope2<14>       |Result<30>     |    9.316|
Ope2<14>       |Result<31>     |    9.753|
Ope2<15>       |Result<15>     |    9.711|
Ope2<15>       |Result<16>     |   11.122|
Ope2<15>       |Result<17>     |   11.211|
Ope2<15>       |Result<18>     |   10.492|
Ope2<15>       |Result<19>     |   10.199|
Ope2<15>       |Result<20>     |   11.089|
Ope2<15>       |Result<21>     |   10.797|
Ope2<15>       |Result<22>     |   10.038|
Ope2<15>       |Result<23>     |   10.571|
Ope2<15>       |Result<24>     |   10.024|
Ope2<15>       |Result<25>     |   10.431|
Ope2<15>       |Result<26>     |   10.322|
Ope2<15>       |Result<27>     |   11.234|
Ope2<15>       |Result<28>     |    9.699|
Ope2<15>       |Result<29>     |    9.790|
Ope2<15>       |Result<30>     |    9.787|
Ope2<15>       |Result<31>     |   10.224|
Ope2<16>       |Result<16>     |   10.114|
Ope2<16>       |Result<17>     |   10.377|
Ope2<16>       |Result<18>     |    9.930|
Ope2<16>       |Result<19>     |    9.637|
Ope2<16>       |Result<20>     |   10.527|
Ope2<16>       |Result<21>     |   10.235|
Ope2<16>       |Result<22>     |    9.476|
Ope2<16>       |Result<23>     |   10.009|
Ope2<16>       |Result<24>     |    9.462|
Ope2<16>       |Result<25>     |    9.869|
Ope2<16>       |Result<26>     |    9.760|
Ope2<16>       |Result<27>     |   10.672|
Ope2<16>       |Result<28>     |    9.137|
Ope2<16>       |Result<29>     |    9.228|
Ope2<16>       |Result<30>     |    9.225|
Ope2<16>       |Result<31>     |    9.662|
Ope2<17>       |Result<17>     |   10.087|
Ope2<17>       |Result<18>     |    9.889|
Ope2<17>       |Result<19>     |    9.596|
Ope2<17>       |Result<20>     |   10.486|
Ope2<17>       |Result<21>     |   10.194|
Ope2<17>       |Result<22>     |    9.435|
Ope2<17>       |Result<23>     |    9.968|
Ope2<17>       |Result<24>     |    9.421|
Ope2<17>       |Result<25>     |    9.828|
Ope2<17>       |Result<26>     |    9.719|
Ope2<17>       |Result<27>     |   10.631|
Ope2<17>       |Result<28>     |    9.096|
Ope2<17>       |Result<29>     |    9.187|
Ope2<17>       |Result<30>     |    9.184|
Ope2<17>       |Result<31>     |    9.621|
Ope2<18>       |Result<18>     |    9.362|
Ope2<18>       |Result<19>     |    9.243|
Ope2<18>       |Result<20>     |   10.405|
Ope2<18>       |Result<21>     |   10.113|
Ope2<18>       |Result<22>     |    9.354|
Ope2<18>       |Result<23>     |    9.887|
Ope2<18>       |Result<24>     |    9.340|
Ope2<18>       |Result<25>     |    9.747|
Ope2<18>       |Result<26>     |    9.638|
Ope2<18>       |Result<27>     |   10.550|
Ope2<18>       |Result<28>     |    9.015|
Ope2<18>       |Result<29>     |    9.106|
Ope2<18>       |Result<30>     |    9.103|
Ope2<18>       |Result<31>     |    9.540|
Ope2<19>       |Result<19>     |    8.885|
Ope2<19>       |Result<20>     |   10.296|
Ope2<19>       |Result<21>     |   10.004|
Ope2<19>       |Result<22>     |    9.245|
Ope2<19>       |Result<23>     |    9.778|
Ope2<19>       |Result<24>     |    9.231|
Ope2<19>       |Result<25>     |    9.638|
Ope2<19>       |Result<26>     |    9.529|
Ope2<19>       |Result<27>     |   10.441|
Ope2<19>       |Result<28>     |    8.906|
Ope2<19>       |Result<29>     |    8.997|
Ope2<19>       |Result<30>     |    8.994|
Ope2<19>       |Result<31>     |    9.431|
Ope2<20>       |Result<20>     |    9.950|
Ope2<20>       |Result<21>     |    9.832|
Ope2<20>       |Result<22>     |    9.345|
Ope2<20>       |Result<23>     |    9.878|
Ope2<20>       |Result<24>     |    9.331|
Ope2<20>       |Result<25>     |    9.738|
Ope2<20>       |Result<26>     |    9.629|
Ope2<20>       |Result<27>     |   10.541|
Ope2<20>       |Result<28>     |    9.006|
Ope2<20>       |Result<29>     |    9.097|
Ope2<20>       |Result<30>     |    9.094|
Ope2<20>       |Result<31>     |    9.531|
Ope2<21>       |Result<21>     |    9.347|
Ope2<21>       |Result<22>     |    9.109|
Ope2<21>       |Result<23>     |    9.642|
Ope2<21>       |Result<24>     |    9.095|
Ope2<21>       |Result<25>     |    9.502|
Ope2<21>       |Result<26>     |    9.393|
Ope2<21>       |Result<27>     |   10.305|
Ope2<21>       |Result<28>     |    8.770|
Ope2<21>       |Result<29>     |    8.861|
Ope2<21>       |Result<30>     |    8.858|
Ope2<21>       |Result<31>     |    9.295|
Ope2<22>       |Result<22>     |    8.719|
Ope2<22>       |Result<23>     |    9.426|
Ope2<22>       |Result<24>     |    9.151|
Ope2<22>       |Result<25>     |    9.558|
Ope2<22>       |Result<26>     |    9.449|
Ope2<22>       |Result<27>     |   10.361|
Ope2<22>       |Result<28>     |    8.826|
Ope2<22>       |Result<29>     |    8.917|
Ope2<22>       |Result<30>     |    8.914|
Ope2<22>       |Result<31>     |    9.351|
Ope2<23>       |Result<23>     |    9.298|
Ope2<23>       |Result<24>     |    9.272|
Ope2<23>       |Result<25>     |    9.679|
Ope2<23>       |Result<26>     |    9.570|
Ope2<23>       |Result<27>     |   10.482|
Ope2<23>       |Result<28>     |    8.947|
Ope2<23>       |Result<29>     |    9.038|
Ope2<23>       |Result<30>     |    9.035|
Ope2<23>       |Result<31>     |    9.472|
Ope2<24>       |Result<24>     |    8.984|
Ope2<24>       |Result<25>     |    9.565|
Ope2<24>       |Result<26>     |    9.728|
Ope2<24>       |Result<27>     |   10.640|
Ope2<24>       |Result<28>     |    9.105|
Ope2<24>       |Result<29>     |    9.196|
Ope2<24>       |Result<30>     |    9.193|
Ope2<24>       |Result<31>     |    9.630|
Ope2<25>       |Result<25>     |    9.362|
Ope2<25>       |Result<26>     |    9.774|
Ope2<25>       |Result<27>     |   10.686|
Ope2<25>       |Result<28>     |    9.151|
Ope2<25>       |Result<29>     |    9.242|
Ope2<25>       |Result<30>     |    9.239|
Ope2<25>       |Result<31>     |    9.676|
Ope2<26>       |Result<26>     |    9.351|
Ope2<26>       |Result<27>     |   10.437|
Ope2<26>       |Result<28>     |    9.174|
Ope2<26>       |Result<29>     |    9.265|
Ope2<26>       |Result<30>     |    9.262|
Ope2<26>       |Result<31>     |    9.699|
Ope2<27>       |Result<27>     |   10.257|
Ope2<27>       |Result<28>     |    9.243|
Ope2<27>       |Result<29>     |    9.334|
Ope2<27>       |Result<30>     |    9.331|
Ope2<27>       |Result<31>     |    9.768|
Ope2<28>       |Result<28>     |    8.783|
Ope2<28>       |Result<29>     |    9.048|
Ope2<28>       |Result<30>     |    9.317|
Ope2<28>       |Result<31>     |    9.754|
Ope2<29>       |Result<29>     |    8.637|
Ope2<29>       |Result<30>     |    9.155|
Ope2<29>       |Result<31>     |    9.592|
Ope2<30>       |Result<30>     |    8.667|
Ope2<30>       |Result<31>     |    9.278|
Ope2<31>       |Result<31>     |    8.882|
---------------+---------------+---------+


Analysis completed Thu Apr  7 14:54:35 2016 
--------------------------------------------------------------------------------

Trace Settings:
-------------------------
Trace Settings 

Peak Memory Usage: 104 MB



