AR pc flipflop "/home/alucard/Arquitectura-Computadores/taller 1/FlipFlop/pc.vhd" sub00/vhpl01 1459469840
EN pc NULL "/home/alucard/Arquitectura-Computadores/taller 1/FlipFlop/pc.vhd" sub00/vhpl00 1459469839
EN programcounter NULL "/home/alucard/Arquitectura-Computadores/taller 1/FlipFlop/pc.vhd" sub00/vhpl02 1459470642
