V3 16
FL "/home/alucard/ise proyects/procesador-monociclo2016/IM.vhd" 2016/04/07.14:51:48 P.20131013
EN work/instructionMemory 1460058741 \
      FL "/home/alucard/ise proyects/procesador-monociclo2016/IM.vhd" \
      PB ieee/std_logic_1164 1381692176 PB ieee/STD_LOGIC_UNSIGNED 1381692179 \
      PB std/TEXTIO 1381692176
AR work/instructionMemory/arqInstructionMemory 1460058742 \
      FL "/home/alucard/ise proyects/procesador-monociclo2016/IM.vhd" \
      EN work/instructionMemory 1460058741
FL "/home/alucard/ise proyects/procesador-monociclo2016/sumador.vhd" 2016/04/07.14:40:19 P.20131013
EN work/Sumador 1460075071 \
      FL "/home/alucard/ise proyects/procesador-monociclo2016/sumador.vhd" \
      PB ieee/std_logic_1164 1381692176 PB ieee/STD_LOGIC_UNSIGNED 1381692179
AR work/Sumador/Behavioral 1460075072 \
      FL "/home/alucard/ise proyects/procesador-monociclo2016/sumador.vhd" \
      EN work/Sumador 1460075071
FL /home/hinata/iseproyecs/procesador-monociclo2016/Alu.vhd 2016/04/12.10:02:25 P.20131013
EN work/Alu 1460473399 \
      FL /home/hinata/iseproyecs/procesador-monociclo2016/Alu.vhd \
      PB ieee/std_logic_1164 1381692176 PB ieee/STD_LOGIC_UNSIGNED 1381692179
AR work/Alu/Behavioral 1460473400 \
      FL /home/hinata/iseproyecs/procesador-monociclo2016/Alu.vhd EN work/Alu 1460473399
FL /home/hinata/iseproyecs/procesador-monociclo2016/AluTB.vhd 2016/04/12.09:28:37 P.20131013
EN work/Alu_TB 1460471323 \
      FL /home/hinata/iseproyecs/procesador-monociclo2016/AluTB.vhd \
      PB ieee/std_logic_1164 1381692176
AR work/Alu_TB/behavior 1460471324 \
      FL /home/hinata/iseproyecs/procesador-monociclo2016/AluTB.vhd \
      EN work/Alu_TB 1460471323 CP Alu
FL /home/hinata/iseproyecs/procesador-monociclo2016/CU.vhd 2016/04/11.14:47:32 P.20131013
EN work/CU 1460475061 FL /home/hinata/iseproyecs/procesador-monociclo2016/CU.vhd \
      PB ieee/std_logic_1164 1381692176
AR work/CU/Behavioral 1460475062 \
      FL /home/hinata/iseproyecs/procesador-monociclo2016/CU.vhd EN work/CU 1460475061
